// Jest Snapshot v1, https://goo.gl/fbAQLP

exports[`StatsCard should render correctly 1`] = `
<DocumentFragment>
  <div
    class="MuiPaper-root MuiPaper-elevation MuiPaper-rounded MuiPaper-elevation1 css-bzp9q3-MuiPaper-root"
  >
    <h6
      class="MuiTypography-root MuiTypography-h6 css-asfi9w-MuiTypography-root"
    >
      Orders
    </h6>
    <h2
      class="MuiTypography-root MuiTypography-h5 css-bezmlo-MuiTypography-root"
    >
      200
    </h2>
  </div>
</DocumentFragment>
`;
