// Jest Snapshot v1, https://goo.gl/fbAQLP

exports[`AuthProvider should render correctly 1`] = `
<DocumentFragment>
  UI
</DocumentFragment>
`;
