// Jest Snapshot v1, https://goo.gl/fbAQLP

exports[`InventoryTable should render the product details correctly 1`] = `
<DocumentFragment>
  <h1
    class="MuiTypography-root MuiTypography-h5 css-1wiiowb-MuiTypography-root"
  >
    Inventory
  </h1>
  <div
    class="MuiPaper-root MuiPaper-elevation MuiPaper-rounded MuiPaper-elevation1 MuiTableContainer-root css-1vdaxjy-MuiPaper-root-MuiTableContainer-root"
  >
    <table
      aria-label="customized table"
      class="MuiTable-root css-1pclhgl-MuiTable-root"
    >
      <thead
        class="MuiTableHead-root css-15wwp11-MuiTableHead-root"
      >
        <tr
          class="MuiTableRow-root MuiTableRow-head css-1q1u3t4-MuiTableRow-root"
        >
          <th
            class="MuiTableCell-root MuiTableCell-head MuiTableCell-sizeMedium css-h4536p-MuiTableCell-root"
            scope="col"
          >
            Brand Code
          </th>
          <th
            class="MuiTableCell-root MuiTableCell-head MuiTableCell-sizeMedium css-h4536p-MuiTableCell-root"
            scope="col"
          >
            Brand Name
          </th>
          <th
            class="MuiTableCell-root MuiTableCell-head MuiTableCell-sizeMedium css-h4536p-MuiTableCell-root"
            scope="col"
          >
            Product Code
          </th>
          <th
            class="MuiTableCell-root MuiTableCell-head MuiTableCell-sizeMedium css-h4536p-MuiTableCell-root"
            scope="col"
          >
            Product Name
          </th>
          <th
            class="MuiTableCell-root MuiTableCell-head MuiTableCell-sizeMedium css-h4536p-MuiTableCell-root"
            scope="col"
          >
            Product Category
          </th>
          <th
            class="MuiTableCell-root MuiTableCell-head MuiTableCell-sizeMedium css-h4536p-MuiTableCell-root"
            scope="col"
          >
            Stock
          </th>
          <th
            class="MuiTableCell-root MuiTableCell-head MuiTableCell-sizeMedium css-h4536p-MuiTableCell-root"
            scope="col"
          >
            Price
          </th>
        </tr>
      </thead>
      <tbody
        class="MuiTableBody-root css-apqrd9-MuiTableBody-root"
      >
        <tr
          class="MuiTableRow-root css-1enotpu-MuiTableRow-root"
        >
          <td
            class="MuiTableCell-root MuiTableCell-body MuiTableCell-sizeMedium css-l9k0sc-MuiTableCell-root"
          >
            BRAND-01
          </td>
          <td
            class="MuiTableCell-root MuiTableCell-body MuiTableCell-sizeMedium css-l9k0sc-MuiTableCell-root"
          >
            Brand Test
          </td>
          <td
            class="MuiTableCell-root MuiTableCell-body MuiTableCell-sizeMedium css-l9k0sc-MuiTableCell-root"
          >
            PROD-01
          </td>
          <td
            class="MuiTableCell-root MuiTableCell-body MuiTableCell-sizeMedium css-l9k0sc-MuiTableCell-root"
          >
            Product Satu
          </td>
          <td
            class="MuiTableCell-root MuiTableCell-body MuiTableCell-sizeMedium css-l9k0sc-MuiTableCell-root"
          >
            Furniture
          </td>
          <td
            class="MuiTableCell-root MuiTableCell-body MuiTableCell-sizeMedium css-l9k0sc-MuiTableCell-root"
          >
            25
          </td>
          <td
            class="MuiTableCell-root MuiTableCell-body MuiTableCell-sizeMedium css-l9k0sc-MuiTableCell-root"
          >
            â‚¹1000
          </td>
        </tr>
      </tbody>
    </table>
  </div>
</DocumentFragment>
`;
